/home/vuos/code/p4/e025-hyperliquid-candle-tails/ag-11-vol-model/volatility_model.py:112: ConvergenceWarning: The optimizer returned code 9. The message is:
Iteration limit reached
See scipy.optimize.fmin_slsqp for code meaning.

  temp_res = temp_model.fit(disp='off')
/home/vuos/code/p4/e025-hyperliquid-candle-tails/ag-11-vol-model/volatility_model.py:112: ConvergenceWarning: The optimizer returned code 9. The message is:
Iteration limit reached
See scipy.optimize.fmin_slsqp for code meaning.

  temp_res = temp_model.fit(disp='off')
/home/vuos/code/p4/e025-hyperliquid-candle-tails/ag-11-vol-model/volatility_model.py:112: ConvergenceWarning: The optimizer returned code 9. The message is:
Iteration limit reached
See scipy.optimize.fmin_slsqp for code meaning.

  temp_res = temp_model.fit(disp='off')
/home/vuos/code/p4/e025-hyperliquid-candle-tails/ag-11-vol-model/volatility_model.py:112: ConvergenceWarning: The optimizer returned code 9. The message is:
Iteration limit reached
See scipy.optimize.fmin_slsqp for code meaning.

  temp_res = temp_model.fit(disp='off')
/home/vuos/code/p4/e025-hyperliquid-candle-tails/ag-11-vol-model/volatility_model.py:112: ConvergenceWarning: The optimizer returned code 9. The message is:
Iteration limit reached
See scipy.optimize.fmin_slsqp for code meaning.

  temp_res = temp_model.fit(disp='off')
/home/vuos/code/p4/e025-hyperliquid-candle-tails/ag-11-vol-model/volatility_model.py:112: ConvergenceWarning: The optimizer returned code 9. The message is:
Iteration limit reached
See scipy.optimize.fmin_slsqp for code meaning.

  temp_res = temp_model.fit(disp='off')
/home/vuos/code/p4/e025-hyperliquid-candle-tails/ag-11-vol-model/volatility_model.py:112: ConvergenceWarning: The optimizer returned code 9. The message is:
Iteration limit reached
See scipy.optimize.fmin_slsqp for code meaning.

  temp_res = temp_model.fit(disp='off')
/home/vuos/code/p4/e025-hyperliquid-candle-tails/ag-11-vol-model/volatility_model.py:112: ConvergenceWarning: The optimizer returned code 9. The message is:
Iteration limit reached
See scipy.optimize.fmin_slsqp for code meaning.

  temp_res = temp_model.fit(disp='off')
/home/vuos/code/p4/e025-hyperliquid-candle-tails/ag-11-vol-model/volatility_model.py:112: ConvergenceWarning: The optimizer returned code 9. The message is:
Iteration limit reached
See scipy.optimize.fmin_slsqp for code meaning.

  temp_res = temp_model.fit(disp='off')
/home/vuos/code/p4/e025-hyperliquid-candle-tails/ag-11-vol-model/volatility_model.py:112: ConvergenceWarning: The optimizer returned code 9. The message is:
Iteration limit reached
See scipy.optimize.fmin_slsqp for code meaning.

  temp_res = temp_model.fit(disp='off')
/home/vuos/code/p4/e025-hyperliquid-candle-tails/ag-11-vol-model/volatility_model.py:112: ConvergenceWarning: The optimizer returned code 9. The message is:
Iteration limit reached
See scipy.optimize.fmin_slsqp for code meaning.

  temp_res = temp_model.fit(disp='off')
/home/vuos/code/p4/e025-hyperliquid-candle-tails/ag-11-vol-model/volatility_model.py:112: ConvergenceWarning: The optimizer returned code 9. The message is:
Iteration limit reached
See scipy.optimize.fmin_slsqp for code meaning.

  temp_res = temp_model.fit(disp='off')
/home/vuos/code/p4/e025-hyperliquid-candle-tails/ag-11-vol-model/volatility_model.py:112: ConvergenceWarning: The optimizer returned code 9. The message is:
Iteration limit reached
See scipy.optimize.fmin_slsqp for code meaning.

  temp_res = temp_model.fit(disp='off')
/home/vuos/code/p4/e025-hyperliquid-candle-tails/ag-11-vol-model/volatility_model.py:112: ConvergenceWarning: The optimizer returned code 9. The message is:
Iteration limit reached
See scipy.optimize.fmin_slsqp for code meaning.

  temp_res = temp_model.fit(disp='off')
/home/vuos/code/p4/e025-hyperliquid-candle-tails/ag-11-vol-model/volatility_model.py:112: ConvergenceWarning: The optimizer returned code 9. The message is:
Iteration limit reached
See scipy.optimize.fmin_slsqp for code meaning.

  temp_res = temp_model.fit(disp='off')
/home/vuos/code/p4/e025-hyperliquid-candle-tails/ag-11-vol-model/volatility_model.py:112: ConvergenceWarning: The optimizer returned code 9. The message is:
Iteration limit reached
See scipy.optimize.fmin_slsqp for code meaning.

  temp_res = temp_model.fit(disp='off')
/home/vuos/code/p4/e025-hyperliquid-candle-tails/ag-11-vol-model/volatility_model.py:112: ConvergenceWarning: The optimizer returned code 9. The message is:
Iteration limit reached
See scipy.optimize.fmin_slsqp for code meaning.

  temp_res = temp_model.fit(disp='off')
/home/vuos/code/p4/e025-hyperliquid-candle-tails/ag-11-vol-model/volatility_model.py:112: ConvergenceWarning: The optimizer returned code 9. The message is:
Iteration limit reached
See scipy.optimize.fmin_slsqp for code meaning.

  temp_res = temp_model.fit(disp='off')
/home/vuos/code/p4/e025-hyperliquid-candle-tails/ag-11-vol-model/volatility_model.py:112: ConvergenceWarning: The optimizer returned code 9. The message is:
Iteration limit reached
See scipy.optimize.fmin_slsqp for code meaning.

  temp_res = temp_model.fit(disp='off')
/home/vuos/code/p4/e025-hyperliquid-candle-tails/ag-11-vol-model/volatility_model.py:112: ConvergenceWarning: The optimizer returned code 4. The message is:
Inequality constraints incompatible
See scipy.optimize.fmin_slsqp for code meaning.

  temp_res = temp_model.fit(disp='off')
/home/vuos/code/p4/e025-hyperliquid-candle-tails/ag-11-vol-model/volatility_model.py:112: ConvergenceWarning: The optimizer returned code 9. The message is:
Iteration limit reached
See scipy.optimize.fmin_slsqp for code meaning.

  temp_res = temp_model.fit(disp='off')
/home/vuos/code/p4/e025-hyperliquid-candle-tails/ag-11-vol-model/volatility_model.py:112: ConvergenceWarning: The optimizer returned code 4. The message is:
Inequality constraints incompatible
See scipy.optimize.fmin_slsqp for code meaning.

  temp_res = temp_model.fit(disp='off')
/home/vuos/code/p4/e025-hyperliquid-candle-tails/ag-11-vol-model/volatility_model.py:112: ConvergenceWarning: The optimizer returned code 4. The message is:
Inequality constraints incompatible
See scipy.optimize.fmin_slsqp for code meaning.

  temp_res = temp_model.fit(disp='off')
/home/vuos/code/p4/e025-hyperliquid-candle-tails/ag-11-vol-model/volatility_model.py:112: ConvergenceWarning: The optimizer returned code 4. The message is:
Inequality constraints incompatible
See scipy.optimize.fmin_slsqp for code meaning.

  temp_res = temp_model.fit(disp='off')
/home/vuos/code/p4/e025-hyperliquid-candle-tails/ag-11-vol-model/volatility_model.py:112: ConvergenceWarning: The optimizer returned code 4. The message is:
Inequality constraints incompatible
See scipy.optimize.fmin_slsqp for code meaning.

  temp_res = temp_model.fit(disp='off')
/home/vuos/code/p4/e025-hyperliquid-candle-tails/ag-11-vol-model/volatility_model.py:112: ConvergenceWarning: The optimizer returned code 9. The message is:
Iteration limit reached
See scipy.optimize.fmin_slsqp for code meaning.

  temp_res = temp_model.fit(disp='off')
/home/vuos/code/p4/e025-hyperliquid-candle-tails/ag-11-vol-model/volatility_model.py:112: ConvergenceWarning: The optimizer returned code 4. The message is:
Inequality constraints incompatible
See scipy.optimize.fmin_slsqp for code meaning.

  temp_res = temp_model.fit(disp='off')
/home/vuos/code/p4/e025-hyperliquid-candle-tails/ag-11-vol-model/volatility_model.py:112: ConvergenceWarning: The optimizer returned code 9. The message is:
Iteration limit reached
See scipy.optimize.fmin_slsqp for code meaning.

  temp_res = temp_model.fit(disp='off')
/home/vuos/code/p4/e025-hyperliquid-candle-tails/ag-11-vol-model/volatility_model.py:112: ConvergenceWarning: The optimizer returned code 9. The message is:
Iteration limit reached
See scipy.optimize.fmin_slsqp for code meaning.

  temp_res = temp_model.fit(disp='off')
/home/vuos/code/p4/e025-hyperliquid-candle-tails/ag-11-vol-model/volatility_model.py:112: ConvergenceWarning: The optimizer returned code 9. The message is:
Iteration limit reached
See scipy.optimize.fmin_slsqp for code meaning.

  temp_res = temp_model.fit(disp='off')
/home/vuos/code/p4/e025-hyperliquid-candle-tails/ag-11-vol-model/volatility_model.py:112: ConvergenceWarning: The optimizer returned code 9. The message is:
Iteration limit reached
See scipy.optimize.fmin_slsqp for code meaning.

  temp_res = temp_model.fit(disp='off')
/home/vuos/code/p4/e025-hyperliquid-candle-tails/ag-11-vol-model/volatility_model.py:112: ConvergenceWarning: The optimizer returned code 9. The message is:
Iteration limit reached
See scipy.optimize.fmin_slsqp for code meaning.

  temp_res = temp_model.fit(disp='off')
/home/vuos/code/p4/e025-hyperliquid-candle-tails/ag-11-vol-model/volatility_model.py:112: ConvergenceWarning: The optimizer returned code 4. The message is:
Inequality constraints incompatible
See scipy.optimize.fmin_slsqp for code meaning.

  temp_res = temp_model.fit(disp='off')
/home/vuos/code/p4/e025-hyperliquid-candle-tails/ag-11-vol-model/volatility_model.py:112: ConvergenceWarning: The optimizer returned code 4. The message is:
Inequality constraints incompatible
See scipy.optimize.fmin_slsqp for code meaning.

  temp_res = temp_model.fit(disp='off')
/home/vuos/code/p4/e025-hyperliquid-candle-tails/ag-11-vol-model/volatility_model.py:112: ConvergenceWarning: The optimizer returned code 4. The message is:
Inequality constraints incompatible
See scipy.optimize.fmin_slsqp for code meaning.

  temp_res = temp_model.fit(disp='off')
/home/vuos/code/p4/e025-hyperliquid-candle-tails/ag-11-vol-model/volatility_model.py:112: ConvergenceWarning: The optimizer returned code 9. The message is:
Iteration limit reached
See scipy.optimize.fmin_slsqp for code meaning.

  temp_res = temp_model.fit(disp='off')
/home/vuos/code/p4/e025-hyperliquid-candle-tails/ag-11-vol-model/volatility_model.py:112: ConvergenceWarning: The optimizer returned code 4. The message is:
Inequality constraints incompatible
See scipy.optimize.fmin_slsqp for code meaning.

  temp_res = temp_model.fit(disp='off')
/home/vuos/code/p4/e025-hyperliquid-candle-tails/ag-11-vol-model/volatility_model.py:112: ConvergenceWarning: The optimizer returned code 9. The message is:
Iteration limit reached
See scipy.optimize.fmin_slsqp for code meaning.

  temp_res = temp_model.fit(disp='off')
/home/vuos/code/p4/e025-hyperliquid-candle-tails/ag-11-vol-model/volatility_model.py:112: ConvergenceWarning: The optimizer returned code 9. The message is:
Iteration limit reached
See scipy.optimize.fmin_slsqp for code meaning.

  temp_res = temp_model.fit(disp='off')
/home/vuos/code/p4/e025-hyperliquid-candle-tails/ag-11-vol-model/volatility_model.py:112: ConvergenceWarning: The optimizer returned code 9. The message is:
Iteration limit reached
See scipy.optimize.fmin_slsqp for code meaning.

  temp_res = temp_model.fit(disp='off')
/home/vuos/code/p4/e025-hyperliquid-candle-tails/ag-11-vol-model/volatility_model.py:112: ConvergenceWarning: The optimizer returned code 9. The message is:
Iteration limit reached
See scipy.optimize.fmin_slsqp for code meaning.

  temp_res = temp_model.fit(disp='off')
/home/vuos/code/p4/e025-hyperliquid-candle-tails/ag-11-vol-model/volatility_model.py:112: ConvergenceWarning: The optimizer returned code 9. The message is:
Iteration limit reached
See scipy.optimize.fmin_slsqp for code meaning.

  temp_res = temp_model.fit(disp='off')
/home/vuos/code/p4/e025-hyperliquid-candle-tails/ag-11-vol-model/volatility_model.py:112: ConvergenceWarning: The optimizer returned code 9. The message is:
Iteration limit reached
See scipy.optimize.fmin_slsqp for code meaning.

  temp_res = temp_model.fit(disp='off')
/home/vuos/code/p4/e025-hyperliquid-candle-tails/ag-11-vol-model/volatility_model.py:112: ConvergenceWarning: The optimizer returned code 9. The message is:
Iteration limit reached
See scipy.optimize.fmin_slsqp for code meaning.

  temp_res = temp_model.fit(disp='off')
/home/vuos/code/p4/e025-hyperliquid-candle-tails/ag-11-vol-model/volatility_model.py:112: ConvergenceWarning: The optimizer returned code 9. The message is:
Iteration limit reached
See scipy.optimize.fmin_slsqp for code meaning.

  temp_res = temp_model.fit(disp='off')
/home/vuos/code/p4/e025-hyperliquid-candle-tails/ag-11-vol-model/volatility_model.py:112: ConvergenceWarning: The optimizer returned code 9. The message is:
Iteration limit reached
See scipy.optimize.fmin_slsqp for code meaning.

  temp_res = temp_model.fit(disp='off')
/home/vuos/code/p4/e025-hyperliquid-candle-tails/ag-11-vol-model/volatility_model.py:112: ConvergenceWarning: The optimizer returned code 9. The message is:
Iteration limit reached
See scipy.optimize.fmin_slsqp for code meaning.

  temp_res = temp_model.fit(disp='off')
/home/vuos/code/p4/e025-hyperliquid-candle-tails/ag-11-vol-model/volatility_model.py:112: ConvergenceWarning: The optimizer returned code 4. The message is:
Inequality constraints incompatible
See scipy.optimize.fmin_slsqp for code meaning.

  temp_res = temp_model.fit(disp='off')
/home/vuos/code/p4/e025-hyperliquid-candle-tails/ag-11-vol-model/volatility_model.py:112: ConvergenceWarning: The optimizer returned code 9. The message is:
Iteration limit reached
See scipy.optimize.fmin_slsqp for code meaning.

  temp_res = temp_model.fit(disp='off')
/home/vuos/code/p4/e025-hyperliquid-candle-tails/ag-11-vol-model/volatility_model.py:112: ConvergenceWarning: The optimizer returned code 9. The message is:
Iteration limit reached
See scipy.optimize.fmin_slsqp for code meaning.

  temp_res = temp_model.fit(disp='off')
/home/vuos/code/p4/e025-hyperliquid-candle-tails/ag-11-vol-model/volatility_model.py:112: ConvergenceWarning: The optimizer returned code 9. The message is:
Iteration limit reached
See scipy.optimize.fmin_slsqp for code meaning.

  temp_res = temp_model.fit(disp='off')
/home/vuos/code/p4/e025-hyperliquid-candle-tails/ag-11-vol-model/volatility_model.py:112: ConvergenceWarning: The optimizer returned code 9. The message is:
Iteration limit reached
See scipy.optimize.fmin_slsqp for code meaning.

  temp_res = temp_model.fit(disp='off')
/home/vuos/code/p4/e025-hyperliquid-candle-tails/ag-11-vol-model/volatility_model.py:112: ConvergenceWarning: The optimizer returned code 9. The message is:
Iteration limit reached
See scipy.optimize.fmin_slsqp for code meaning.

  temp_res = temp_model.fit(disp='off')
/home/vuos/code/p4/e025-hyperliquid-candle-tails/ag-11-vol-model/volatility_model.py:112: ConvergenceWarning: The optimizer returned code 9. The message is:
Iteration limit reached
See scipy.optimize.fmin_slsqp for code meaning.

  temp_res = temp_model.fit(disp='off')
/home/vuos/code/p4/e025-hyperliquid-candle-tails/ag-11-vol-model/volatility_model.py:112: ConvergenceWarning: The optimizer returned code 9. The message is:
Iteration limit reached
See scipy.optimize.fmin_slsqp for code meaning.

  temp_res = temp_model.fit(disp='off')
/home/vuos/code/p4/e025-hyperliquid-candle-tails/ag-11-vol-model/volatility_model.py:112: ConvergenceWarning: The optimizer returned code 9. The message is:
Iteration limit reached
See scipy.optimize.fmin_slsqp for code meaning.

  temp_res = temp_model.fit(disp='off')
/home/vuos/code/p4/e025-hyperliquid-candle-tails/ag-11-vol-model/volatility_model.py:112: ConvergenceWarning: The optimizer returned code 4. The message is:
Inequality constraints incompatible
See scipy.optimize.fmin_slsqp for code meaning.

  temp_res = temp_model.fit(disp='off')
/home/vuos/code/p4/e025-hyperliquid-candle-tails/ag-11-vol-model/volatility_model.py:112: ConvergenceWarning: The optimizer returned code 9. The message is:
Iteration limit reached
See scipy.optimize.fmin_slsqp for code meaning.

  temp_res = temp_model.fit(disp='off')
/home/vuos/code/p4/e025-hyperliquid-candle-tails/ag-11-vol-model/volatility_model.py:112: ConvergenceWarning: The optimizer returned code 9. The message is:
Iteration limit reached
See scipy.optimize.fmin_slsqp for code meaning.

  temp_res = temp_model.fit(disp='off')
/home/vuos/code/p4/e025-hyperliquid-candle-tails/ag-11-vol-model/volatility_model.py:112: ConvergenceWarning: The optimizer returned code 9. The message is:
Iteration limit reached
See scipy.optimize.fmin_slsqp for code meaning.

  temp_res = temp_model.fit(disp='off')
